# A Noughts and crosses game, written down move by move.
#
# Lines that are not comments are commands, exactly as they are typed at the
# prompt. Undo and redo are moves like any other, so reading this file back
# retraces the game as it was really played - second thoughts and all - and
# arrives at the same position it was saved from.
#
#   dotnet run -- tictactoe replay <this file>

deal 2 0

#   1  turn 1, X
place 1
#      X takes square 1.

#   2  turn 2, O
place 5
#      O takes square 5.

#   3  turn 3, X
place 2
#      X takes square 2.

#   4  turn 4, O
place 6
#      O takes square 6.

#   5  turn 5, X
place 3
#      X takes square 3.
#      The game is over: Crosses has three in a row - 1, 2, 3.
