# A Noughts and crosses game, written down move by move.
#
# Lines that are not comments are commands, exactly as they are typed at the
# prompt. Undo and redo are moves like any other, so reading this file back
# retraces the game as it was really played - second thoughts and all - and
# arrives at the same position it was saved from.
#
#   dotnet run -- tictactoe replay <this file>

deal 2 639221023896505049

#   1  turn 1, X
place 5
#      X takes square 5.

#   2  turn 2, O
place 1
#      O takes square 1.

#   3  turn 3, X
place 2
#      X takes square 2.

#   4  turn 4, O
place 9
#      O takes square 9.

#   5  turn 5, X
place 8
#      X takes square 8.
#      The game is over: Crosses has three in a row - 2, 5, 8.
