# A Snake game, written down move by move.
#
# Lines that are not comments are commands, exactly as they are typed at the
# prompt. Undo and redo are moves like any other, so reading this file back
# retraces the game as it was really played - second thoughts and all - and
# arrives at the same position it was saved from.
#
# The deal line says how many were playing, what they were dealt from, and who
# was in each seat - 'you' for a person here, a skill for the program.
#
#   dotnet run -- snake replay <this file>

deal 1 4398992923304953554 you

#   1  turn 1, Snake A
go

#   2  turn 2, Snake A
go

#   3  turn 3, Snake A
go

#   4  turn 4, Snake A
faster
#      The clock is wound to 6 of 9.

#   5  turn 4, Snake A
faster
#      The clock is wound to 7 of 9.

#   6  turn 4, Snake A
faster
#      The clock is wound to 8 of 9.

#   7  turn 4, Snake A
go

#   8  turn 5, Snake A
faster
#      The clock is wound to 9 of 9.

#   9  turn 5, Snake A
go

#  10  turn 6, Snake A
go

#  11  turn 7, Snake A
go

#  12  turn 8, Snake A
go

#  13  turn 9, Snake A
go

#  14  turn 10, Snake A
a south
#      Snake A turns south.

#  15  turn 10, Snake A
go

#  16  turn 11, Snake A
go

#  17  turn 12, Snake A
go

#  18  turn 13, Snake A
go

#  19  turn 14, Snake A
go

#  20  turn 15, Snake A
go

#  21  turn 16, Snake A
go

#  22  turn 17, Snake A
go
#      Snake A ran into the wall.
#      The game is over: nothing is left moving.

