# A Snake game, written down move by move.
#
# Lines that are not comments are commands, exactly as they are typed at the
# prompt. Undo and redo are moves like any other, so reading this file back
# retraces the game as it was really played - second thoughts and all - and
# arrives at the same position it was saved from.
#
# The deal line says how many were playing, what they were dealt from, and who
# was in each seat - 'you' for a person here, a skill for the program.
#
#   dotnet run -- snake replay <this file>

deal 1 11248163978338888369 you

#   1  turn 1, Snake A
go

#   2  turn 2, Snake A
go

#   3  turn 3, Snake A
go

#   4  turn 4, Snake A
go

#   5  turn 5, Snake A
a north
#      Snake A turns north.

#   6  turn 5, Snake A
go

#   7  turn 6, Snake A
a west
#      Snake A turns west.

#   8  turn 6, Snake A
go

#   9  turn 7, Snake A
go

#  10  turn 8, Snake A
go

#  11  turn 9, Snake A
go

#  12  turn 10, Snake A
go

#  13  turn 11, Snake A
a north
#      Snake A turns north.

#  14  turn 11, Snake A
a east
#      Snake A turns east.

#  15  turn 11, Snake A
go
#      Snake A ran into itself.
#      The game is over: nothing is left moving.

