# A Snake game, written down move by move.
#
# Lines that are not comments are commands, exactly as they are typed at the
# prompt. Undo and redo are moves like any other, so reading this file back
# retraces the game as it was really played - second thoughts and all - and
# arrives at the same position it was saved from.
#
# The deal line says how many were playing, what they were dealt from, and who
# was in each seat - 'you' for a person here, a skill for the program.
#
#   dotnet run -- snake replay <this file>

deal 1 9 you

#   1  turn 1, Snake A
a north
#      Snake A turns north.

#   2  turn 1, Snake A
a east
#      Snake A turns east.

#   3  turn 1, Snake A
go

#   4  turn 2, Snake A
go

