# A TCModel game, written down move by move.
#
# Lines that are not comments are commands, exactly as they are typed at the
# prompt. Undo and redo are moves like any other, so reading this file back
# retraces the game as it was really played - second thoughts and all - and
# arrives at the same position it was saved from.
#
#   dotnet run -- replay <this file>

deal 2 639214982440159485

#   1  turn 1, Player 1
march r 5 3 2
#      Player 1 marches 2 Red stone(s) from Emberfall into Greymarket.

#   2  turn 2, Player 2
march b 10 12 2
#      Player 2 marches 2 Blue stone(s) from Tidewatch into Dunmoor.

#   3  turn 3, Player 1
battle g 9
#      Player 1 battles Windgap with a Green stone, driving 1 Blue back to the reserve.

#   4  turn 4, Player 2
undo
#      Taken back: battle g 9.

#   5  turn 3, Player 1
battle g 9
#      Player 1 battles Windgap with a Green stone, driving 1 Blue back to the reserve.

#   6  turn 4, Player 2
battle r 7
#      Player 2 battles Stonecradle with a Red stone, driving 1 Green back to the reserve.

#   7  turn 5, Player 1
resign
#      The game is over: the players walked away.
